MPASM  5.31                          MAIN.ASM   10-30-2022  17:02:14         PAGE  1


LOC  OBJECT CODE     LINE SOURCE TEXT
  VALUE

                      00001 
                      00002 ;***************************************************************************
                      00003 ; Programa main.asm (PIC16F628A)                                                Fecha: 04-10-2022       
                      00004 ; Autor: Leandro N. Blandi                                                                              
                                            
                      00005 ; Este programa simula las temperaturas de agua de un termotanque, desde        
                      00006 ; 35°C hasta 70°C, generando 5 segundos de retardo después de cada limite       
                      00007 ; - Velocidad del Reloj: 4MHz           - Tipo de Reloj: Interno                                
                      00008 ; - Perro guardián: OFF                                                                                 
                                    
                      00009 ; - Protección de código: OFF                                                                           
                                    
                      00010 ;***************************************************************************
                      00011 
                      00012 
                      00013 ;***************************************************************************
                      00014 ; Zona de datos                                                                                         
                                            
                      00015 ;***************************************************************************
                      00016 
2007   3F10           00017                 __CONFIG 3F10
                      00018                 LIST            P=16F628A
                      00019                 INCLUDE <P16F628A.INC>
                      00001         LIST
                      00002 ; P16F628A.INC  Standard Header File, Version 1.10    Microchip Technology, Inc.
                      00265         LIST
                      00266 
                      00020                 ERRORLEVEL -302
                      00021 
                      00022 
                      00023 ;***************************************************************************
                      00024 ; Zona de codigos                                                                                       
                                                    
                      00025 ;***************************************************************************
                      00026         
                      00027                 CBLOCK 0X20             ; Reservamos una serie de direcciones de memoria para los alias
                      00028                 
  00000020            00029                 TEMP_ACT                        ; 0x20
  00000021            00030                 TEMP_MIN                        ; 0x21
  00000022            00031                 TEMP_MAX                        ; 0x22
                      00032                 
  00000023            00033                 CANILLA_ABIERTA ; 0x23
                      00034                                 
  00000024            00035                 CONTADOR1               ; 0x24
  00000025            00036                 CONTADOR2               ; 0x25
  00000026            00037                 CONTADOR3               ; 0x26
  00000027            00038                 CONTADOR4               ; 0x27
                      00039         
                      00040                 ENDC
                      00041 
                      00042                 ORG 0X00
                      00043                 
0000   2???           00044                 CALL CONFIGURAR_PUERTOS         ; Configuramos los puertos de salida
MPASM  5.31                          MAIN.ASM   10-30-2022  17:02:14         PAGE  2


LOC  OBJECT CODE     LINE SOURCE TEXT
  VALUE

0001   2???           00045                 CALL CONFIGURAR_SENSORES                ; Seteamos los valores iniciales de los 'sensore
                            s'
0002   2???           00046                 GOTO INICIO
                      00047 
                      00048 
                      00049 ;**************************************************************************
                      00050 ; Subrutina principal                                                                                   
                                       
                      00051 ;**************************************************************************
                      00052                                 
0003                  00053 INICIO  
0003   09A3           00054                 COMF CANILLA_ABIERTA,F
0004   2???           00055                 CALL CALENTAR_AGUA      ; Que el agua comience a calentarse hasta el maximo
0005   2???           00056                 CALL DELAY_5S           ; Una vez que calienta el agua espera 5s
                      00057                 
0006   2???           00058                 CALL ENFRIAR_AGUA               ; Que el agua empiece a enfriarse
0007   2???           00059                 CALL DELAY_5S           ; Una vez que se enfria el agua espera 5s
                      00060                 
0008   2???           00061                 GOTO INICIO                     ; Volvemos a inicio, logrando un bucle infinito
                      00062 
                      00063 
                      00064 ;***************************************************************************
                      00065 ; Subrutina de configuracion de sensores
                      00066 ;***************************************************************************
                      00067 
0009                  00068 CONFIGURAR_SENSORES
0009   3019           00069                 MOVLW D'25'                     ; Cargamos en W el valor inicial de la temperatura actua
                            l
000A   00A0           00070                 MOVWF TEMP_ACT          ; Cargamos el valor de W en la temperatura actual
                      00071 
000B   3023           00072                 MOVLW D'35'                     ; Cargamos en W el valor de la temperatura minima
000C   00A1           00073                 MOVWF TEMP_MIN          ; Cargamos el valor de W en la temperatura minima
                      00074 
000D   3046           00075                 MOVLW D'70'                     ; Cargamos en W el valor de la temperatura maxima
000E   00A2           00076                 MOVWF TEMP_MAX          ; Cargamos el valor de W en la temperatura maxima
                      00077                 
000F   01A3           00078                 CLRF CANILLA_ABIERTA    ; Que por defecto la canilla este 'cerrada'
                      00079                 
0010   0008           00080                 RETURN
                      00081 
                      00082 
                      00083 ;***************************************************************************
                      00084 ; Subrutina que incrementa registro TEMP_ACT                                                            
                                                                    *
                      00085 ;***************************************************************************
                      00086 
0011                  00087 CALENTAR_AGUA
0011   0820           00088                 MOVFW TEMP_ACT          ; ta=70
0012   0222           00089                 SUBWF TEMP_MAX,W                ; w = tm - ta (70 - 75)
                      00090                                                         ; STATUS,CARRY = 0 (resta negativa)
0013   1803           00091                 BTFSC STATUS,C          ; Si TEMP_ACT > TEMP_ACT salta
0014   2???           00092                 CALL CALENTAR_AGUA_0
                      00093 
MPASM  5.31                          MAIN.ASM   10-30-2022  17:02:14         PAGE  3


LOC  OBJECT CODE     LINE SOURCE TEXT
  VALUE

0015   2???           00094                 CALL ENCENDER_LED_MAXIMO        ; Que se encienda el LED para avisar que ya esta calient
                            e
                      00095 
0016   0008           00096                 RETURN
                      00097                 
                      00098                 
0017                  00099 CALENTAR_AGUA_0                                 ; Incrementa desde TEMP_ACT hasta TEMP_MAX (TEMP_ACT < T
                            EMP_MAX)
                      00100                 
0017   0AA0           00101                 INCF TEMP_ACT,F                 ; Vamos subiendo la temperatura actual  
0018   2???           00102                 CALL LED_RESISTENCIA_PRENDIDA
                      00103                 
0019   0820           00104                 MOVFW TEMP_ACT                  ; Cargamos el registro W con el valor de TEMP_ACT
001A   0222           00105                 SUBWF TEMP_MAX,W                        ; Realizamos la resta entre la temperatura maxim
                            a y la actual
                      00106                 
001B   1D03           00107                 BTFSS STATUS,Z                  ; Si la temperatura llego a su limite (se salta el GOTO)
001C   2???           00108                 GOTO CALENTAR_AGUA_0            ; Si aun no llego que siga incrementando
                      00109                 
001D   0008           00110                 RETURN
                      00111 
                      00112 
                      00113 ;***************************************************************************
                      00114 ; Subrutina que decrementa registro TEMP_ACT                                                    
                      00115 ;***************************************************************************
                      00116 
001E                  00117 ENFRIAR_AGUA                                            ; DECREMENTA DESDE TEMP_MAX hasta TEMP_MIN
001E   0821           00118                 MOVFW TEMP_MIN                  ; Cargamos el regisro W con el valor de TEMP_ACT
001F   0220           00119                 SUBWF TEMP_ACT,W                        ; Realizamos la resta entre la temperatura minim
                            a y la actual
                      00120                 
0020   1803           00121                 BTFSC STATUS,C                  ; Si la temperatura es la minima que deje de decrementar
0021   2???           00122                 CALL ENFRIAR_AGUA_0
                      00123 
0022   2???           00124                 CALL ENCENDER_LED_MINIMO        ; Que se encienda el LED para avisar que se enfrio
                      00125                 
0023   0008           00126                 RETURN
                      00127 
0024                  00128 ENFRIAR_AGUA_0
0024   03A0           00129                 DECF TEMP_ACT,F                 ; Decrementamos la temperatura en 1
0025   2???           00130                 CALL LED_RESISTENCIA_APAGADA
                      00131                 
0026   1823           00132                 BTFSC CANILLA_ABIERTA,0         ; Si la canilla esta abierta
0027   2???           00133                 CALL ENFRIAR_AGUA_MAS_RAPIDO    ; Entonces que decremente de a 5
                      00134                 
0028   0821           00135                 MOVFW TEMP_MIN                  ; Cargamos el regisro W con el valor de TEMP_ACT
0029   0220           00136                 SUBWF TEMP_ACT,W                        ; Realizamos la resta entre la temperatura minim
                            a y la actual
                      00137                 
002A   1D03           00138                 BTFSS STATUS,Z                  ; Si la temperatura es la minima que deje de decrementar
                      00139                 
002B   2???           00140                 GOTO ENFRIAR_AGUA_0             ; Sino, que continue
                      00141                 
MPASM  5.31                          MAIN.ASM   10-30-2022  17:02:14         PAGE  4


LOC  OBJECT CODE     LINE SOURCE TEXT
  VALUE

002C   0008           00142                 RETURN
                      00143                 
                      00144                 
                      00145                 
                      00146                 
002D                  00147 ENFRIAR_AGUA_MAS_RAPIDO
002D   3004           00148                 MOVLW D'4'                              ; Cargamos el valor a decrementar
002E   02A0           00149                 SUBWF TEMP_ACT,F                        ; Restamos TEMP_ACT - 5 y lo guardamos en si mis
                            mo
002F   0008           00150                 RETURN
                      00151 
                      00152                 
                      00153 ;**************************************************************************
                      00154 ; Subrutinas de retardo
                      00155 ;**************************************************************************
                      00156 
0030   30FA           00157 DELAY_1MS       MOVLW D'250'                            ; Cargamos el valor 250 en W    
0031   00A4           00158                         MOVWF CONTADOR1                 ; Cargamos el valor de W en el primer contador
                      00159 
0032   0000           00160 RETARDO_1       NOP
0033   0BA4           00161                         DECFSZ CONTADOR1,F              ; Decrementamos en 1 el primer contador
0034   2???           00162                         GOTO RETARDO_1                  ; Repetimos la accion hasta que sea 0
0035   0008           00163                         RETURN
                      00164 
                      00165 
0036   30FA           00166 DELAY_250MS     MOVLW D'250'                            ; Cargamos el valor 250 en W
0037   00A5           00167                         MOVWF CONTADOR2                 ; Cargamos el valor de W en el segundo contador
                      00168 
0038   2???           00169 RETARDO_2       CALL DELAY_1MS                  ; Esperamos 1 milisegundo por cada
0039   0BA5           00170                         DECFSZ CONTADOR2,F              ; decremento del segundo contador
003A   2???           00171                         GOTO RETARDO_2                  ; Repetimos la accion hasta que sea 0
003B   0008           00172                         RETURN
                      00173 
                      00174 
003C   3004           00175 DELAY_1S                MOVLW D'4'                              ; Cargamos el valor 4 en W
003D   00A6           00176                         MOVWF CONTADOR3                 ; Cargamos el valor de W en el tercer contador
                      00177 
003E   2???           00178 RETARDO_3       CALL DELAY_250MS                        ; Esperamos 250 milisegundos por cada
003F   0BA6           00179                         DECFSZ CONTADOR3,F              ; decremento del tercer contador (250ms x 4 = 10
                            00ms)
0040   2???           00180                         GOTO RETARDO_3                  ; Repetimos la accion hasta que sea 0
0041   0008           00181                         RETURN
                      00182 
0042   3005           00183 DELAY_5S                MOVLW D'5'                              ; Cargamos el valor 4 en W
0043   00A7           00184                         MOVWF CONTADOR4                 ; Cargamos el valor de W en el cuarto contador
                      00185 
0044   2???           00186 RETARDO_4       CALL DELAY_1S                   ; Esperamos 1 segundo por cada decremento
0045   0BA7           00187                         DECFSZ CONTADOR4,F              ; del cuarto contador (1s x 5 = 5s)
0046   2???           00188                         GOTO RETARDO_4                  ; Repetimos la accion hasta que sea 0
0047   0008           00189                         RETURN
                      00190 
                      00191 ;**************************************************************************
                      00192 ; Subrutinas de configuracion de puertos                                                                
MPASM  5.31                          MAIN.ASM   10-30-2022  17:02:14         PAGE  5


LOC  OBJECT CODE     LINE SOURCE TEXT
  VALUE

                                       
                      00193 ;**************************************************************************
                      00194 
0048                  00195 CONFIGURAR_PUERTOS      
0048   1683           00196                 BSF     STATUS,RP0
0049   30F0           00197                 MOVLW B'11110000'               ; Seteamos RB0, RB1, RB2 como salida    
004A   0086           00198                 MOVWF TRISB
                      00199                 
004B   1283           00200                 BCF STATUS,RP0
004C   3000           00201                 MOVLW B'00000000'
004D   0086           00202                 MOVWF PORTB
004E   0008           00203                 RETURN
                      00204 
                      00205 
                      00206 ;**************************************************************************
                      00207 ; Subrutinas para encender LEDS                                                                    
                      00208 ;**************************************************************************
                      00209 
004F                  00210 LED_RESISTENCIA_APAGADA
004F   1283           00211                 BCF STATUS,RP0
0050   1406           00212                 BSF PORTB,0
0051   2???           00213                 CALL DELAY_250MS
0052   1006           00214                 BCF PORTB,0
0053   0008           00215                 RETURN
                      00216                 
                      00217 
0054                  00218 ENCENDER_LED_MAXIMO
0054   1283           00219                 BCF STATUS,RP0
0055   1486           00220                 BSF PORTB,1             ; Habilitamos el pin RB1, es decir, prendemos el LED
                      00221                 
0056   2???           00222                 CALL DELAY_250MS        ; Retardo de 1 segundo
                      00223                 
0057   1086           00224                 BCF PORTB,1             ; Deshabilitamos el pin RB2
0058   0008           00225                 RETURN
                      00226 
                      00227 
0059                  00228 LED_RESISTENCIA_PRENDIDA
0059   1283           00229                 BCF STATUS,RP0
005A   1506           00230                 BSF PORTB,2
005B   2???           00231                 CALL DELAY_250MS
005C   1106           00232                 BCF PORTB,2
005D   0008           00233                 RETURN
                      00234                 
                      00235 
005E                  00236 ENCENDER_LED_MINIMO
005E   1283           00237                 BCF STATUS,RP0  ; Volvemos al banco 0 para gestionar PORTB
005F   1586           00238                 BSF PORTB,3             ; Habilitamos el pin RB2, es decir, prendemos el LED
                      00239                 
0060   2???           00240                 CALL DELAY_250MS        ; Retardo de 1 segundo
                      00241                 
0061   1186           00242                 BCF PORTB,3             ; Deshabilitamos el pin RB2
0062   0008           00243                 RETURN
                      00244                 
MPASM  5.31                          MAIN.ASM   10-30-2022  17:02:14         PAGE  6


LOC  OBJECT CODE     LINE SOURCE TEXT
  VALUE

3F10                  00245                 END
MPASM  5.31                          MAIN.ASM   10-30-2022  17:02:14         PAGE  7


SYMBOL TABLE
  LABEL                             VALUE 

ADEN                              00000003
BRGH                              00000002
C                                 00000000
C1INV                             00000004
C1OUT                             00000006
C2INV                             00000005
C2OUT                             00000007
CALENTAR_AGUA                     00000011
CALENTAR_AGUA_0                   00000017
CANILLA_ABIERTA                   00000023
CCP1CON                           00000017
CCP1IE                            00000002
CCP1IF                            00000002
CCP1M0                            00000000
CCP1M1                            00000001
CCP1M2                            00000002
CCP1M3                            00000003
CCP1X                             00000005
CCP1Y                             00000004
CCPR1H                            00000016
CCPR1L                            00000015
CIS                               00000003
CM0                               00000000
CM1                               00000001
CM2                               00000002
CMCON                             0000001F
CMIE                              00000006
CMIF                              00000006
CONFIGURAR_PUERTOS                00000048
CONFIGURAR_SENSORES               00000009
CONTADOR1                         00000024
CONTADOR2                         00000025
CONTADOR3                         00000026
CONTADOR4                         00000027
CREN                              00000004
CSRC                              00000007
DC                                00000001
DELAY_1MS                         00000030
DELAY_1S                          0000003C
DELAY_250MS                       00000036
DELAY_5S                          00000042
EEADR                             0000009B
EECON1                            0000009C
EECON2                            0000009D
EEDATA                            0000009A
EEIE                              00000007
EEIF                              00000007
ENCENDER_LED_MAXIMO               00000054
ENCENDER_LED_MINIMO               0000005E
ENFRIAR_AGUA                      0000001E
ENFRIAR_AGUA_0                    00000024
ENFRIAR_AGUA_MAS_RAPIDO           0000002D
F                                 00000001
MPASM  5.31                          MAIN.ASM   10-30-2022  17:02:14         PAGE  8


SYMBOL TABLE
  LABEL                             VALUE 

FERR                              00000002
FSR                               00000004
GIE                               00000007
INDF                              00000000
INICIO                            00000003
INTCON                            0000000B
INTE                              00000004
INTEDG                            00000006
INTF                              00000001
IRP                               00000007
LED_RESISTENCIA_APAGADA           0000004F
LED_RESISTENCIA_PRENDIDA          00000059
NOT_BO                            00000000
NOT_BOD                           00000000
NOT_BOR                           00000000
NOT_PD                            00000003
NOT_POR                           00000001
NOT_RBPU                          00000007
NOT_T1SYNC                        00000002
NOT_TO                            00000004
OERR                              00000001
OPTION_REG                        00000081
OSCF                              00000003
PCL                               00000002
PCLATH                            0000000A
PCON                              0000008E
PEIE                              00000006
PIE1                              0000008C
PIR1                              0000000C
PORTA                             00000005
PORTB                             00000006
PR2                               00000092
PS0                               00000000
PS1                               00000001
PS2                               00000002
PSA                               00000003
RBIE                              00000003
RBIF                              00000000
RCIE                              00000005
RCIF                              00000005
RCREG                             0000001A
RCSTA                             00000018
RD                                00000000
RETARDO_1                         00000032
RETARDO_2                         00000038
RETARDO_3                         0000003E
RETARDO_4                         00000044
RP0                               00000005
RP1                               00000006
RX9                               00000006
RX9D                              00000000
SPBRG                             00000099
SPEN                              00000007
MPASM  5.31                          MAIN.ASM   10-30-2022  17:02:14         PAGE  9


SYMBOL TABLE
  LABEL                             VALUE 

SREN                              00000005
STATUS                            00000003
SYNC                              00000004
T0CS                              00000005
T0IE                              00000005
T0IF                              00000002
T0SE                              00000004
T1CKPS0                           00000004
T1CKPS1                           00000005
T1CON                             00000010
T1OSCEN                           00000003
T2CKPS0                           00000000
T2CKPS1                           00000001
T2CON                             00000012
TEMP_ACT                          00000020
TEMP_MAX                          00000022
TEMP_MIN                          00000021
TMR0                              00000001
TMR1CS                            00000001
TMR1H                             0000000F
TMR1IE                            00000000
TMR1IF                            00000000
TMR1L                             0000000E
TMR1ON                            00000000
TMR2                              00000011
TMR2IE                            00000001
TMR2IF                            00000001
TMR2ON                            00000002
TOUTPS0                           00000003
TOUTPS1                           00000004
TOUTPS2                           00000005
TOUTPS3                           00000006
TRISA                             00000085
TRISB                             00000086
TRMT                              00000001
TX9                               00000006
TX9D                              00000000
TXEN                              00000005
TXIE                              00000004
TXIF                              00000004
TXREG                             00000019
TXSTA                             00000098
VR0                               00000000
VR1                               00000001
VR2                               00000002
VR3                               00000003
VRCON                             0000009F
VREN                              00000007
VROE                              00000006
VRR                               00000005
W                                 00000000
WR                                00000001
WREN                              00000002
MPASM  5.31                          MAIN.ASM   10-30-2022  17:02:14         PAGE 10


SYMBOL TABLE
  LABEL                             VALUE 

WRERR                             00000003
Z                                 00000002
_BODEN_OFF                        00003FBF
_BODEN_ON                         00003FFF
_BOREN_OFF                        00003FBF
_BOREN_ON                         00003FFF
_CP_OFF                           00003FFF
_CP_ON                            00001FFF
_DATA_CP_OFF                      00003FFF
_DATA_CP_ON                       00003EFF
_ER_OSC_CLKOUT                    00003FFF
_ER_OSC_NOCLKOUT                  00003FFE
_EXTCLK_OSC                       00003FEF
_HS_OSC                           00003FEE
_INTOSC_OSC_CLKOUT                00003FFD
_INTOSC_OSC_NOCLKOUT              00003FFC
_INTRC_OSC_CLKOUT                 00003FFD
_INTRC_OSC_NOCLKOUT               00003FFC
_LP_OSC                           00003FEC
_LVP_OFF                          00003F7F
_LVP_ON                           00003FFF
_MCLRE_OFF                        00003FDF
_MCLRE_ON                         00003FFF
_PWRTE_OFF                        00003FFF
_PWRTE_ON                         00003FF7
_RC_OSC_CLKOUT                    00003FFF
_RC_OSC_NOCLKOUT                  00003FFE
_WDT_OFF                          00003FFB
_WDT_ON                           00003FFF
_XT_OSC                           00003FED
__16F628A                         00000001
__DEBUG                           1

Errors   :     0
Warnings :     0 reported,     0 suppressed
Messages :     0 reported,     1 suppressed

