MPASM  5.31                          MAIN.ASM   10-14-2022  21:19:42         PAGE  1


LOC  OBJECT CODE     LINE SOURCE TEXT
  VALUE

                      00001 
                      00002 ;***************************************************************************
                      00003 ; Programa main.asm (PIC16F628A)                                                Fecha: 04-10-2022       
                      00004 ; Autor: Leandro N. Blandi                                                                              
                                            
                      00005 ; Este programa simula las temperaturas de agua de un termotanque, desde        
                      00006 ; 35°C hasta 75°C, generando 5 segundos de retardo después de cada limite       
                      00007 ; - Velocidad del Reloj: 4MHz           - Tipo de Reloj: Interno                                
                      00008 ; - Perro guardián: OFF                                                                                 
                                    
                      00009 ; - Protección de código: OFF                                                                           
                                    
                      00010 ;***************************************************************************
                      00011 
                      00012 
                      00013 ;***************************************************************************
                      00014 ; Zona de datos                                                                                         
                                            
                      00015 ;***************************************************************************
                      00016 
2007   3F01           00017                 __CONFIG 3F01
                      00018                 LIST            P=16F628A
                      00019                 INCLUDE <P16F628A.INC>
                      00001         LIST
                      00002 ; P16F628A.INC  Standard Header File, Version 1.10    Microchip Technology, Inc.
                      00265         LIST
                      00266 
                      00020                 ERRORLEVEL -302
                      00021 
                      00022 
                      00023 ;***************************************************************************
                      00024 ; Zona de codigos                                                                                       
                                                    
                      00025 ;***************************************************************************
                      00026         
                      00027                 CBLOCK 0X20
                      00028                 
  00000020            00029                 TEMP_ACT
  00000021            00030                 TEMP_MIN
  00000022            00031                 TEMP_MAX
                      00032                 
  00000023            00033                 CANILLA_ABIERTA
                      00034                                 
  00000024            00035                 CONTADOR1
  00000025            00036                 CONTADOR2
  00000026            00037                 CONTADOR3
  00000027            00038                 CONTADOR4
                      00039         
                      00040                 ENDC
                      00041 
                      00042                 ORG 0X00
                      00043                 
0000   2???           00044                 CALL CONFIGURAR_PUERTOS
MPASM  5.31                          MAIN.ASM   10-14-2022  21:19:42         PAGE  2


LOC  OBJECT CODE     LINE SOURCE TEXT
  VALUE

0001   2???           00045                 CALL CONFIGURAR_SENSORES
0002   2???           00046                 GOTO INICIO
                      00047 
                      00048 
                      00049 ;**************************************************************************
                      00050 ; Subrutina principal                                                                                   
                                       
                      00051 ;**************************************************************************
                      00052                                 
0003                  00053 INICIO  
0003   2???           00054                 CALL CALENTAR_AGUA              ; Que el agua comience a calentarse hasta el maximo
                      00055 
0004   2???           00056                 CALL DELAY_5S                   ; Una vez que calienta el agua espera 5s
                      00057                 
0005   2???           00058                 CALL ENFRIAR_AGUA               ; Que el agua empiece a enfriarse
                      00059 
0006   2???           00060                 CALL DELAY_5S                   ; Una vez que se enfria el agua espera 5s
                      00061                 
0007   2???           00062                 GOTO INICIO                     ; Volvemos a inicio, logrando un bucle infinito
                      00063 
                      00064 
                      00065 ;***************************************************************************
                      00066 ; Subrutina de configuracion de sensores
                      00067 ;***************************************************************************
                      00068 
0008                  00069 CONFIGURAR_SENSORES
0008   3019           00070                 MOVLW D'25'                     ; Cargamos en W el valor inicial de la temperatura actua
                            l
0009   00A0           00071                 MOVWF TEMP_ACT          ; Cargamos el valor de W en la temperatura actual
                      00072 
000A   3023           00073                 MOVLW D'35'                     ; Cargamos en W el valor de la temperatura minima
000B   00A1           00074                 MOVWF TEMP_MIN          ; Cargamos el valor de W en la temperatura minima
                      00075 
000C   3046           00076                 MOVLW D'70'                     ; Cargamos en W el valor de la temperatura maxima
000D   00A2           00077                 MOVWF TEMP_MAX          ; Cargamos el valor de W en la temperatura maxima
                      00078                 
000E   01A3           00079                 CLRF CANILLA_ABIERTA
                      00080                 
000F   0008           00081                 RETURN
                      00082 
                      00083 
                      00084 ;***************************************************************************
                      00085 ; Subrutina que incrementa registro TEMP_ACT                                                            
                                                                    *
                      00086 ;***************************************************************************
                      00087                 
0010                  00088 CALENTAR_AGUA                           ; INCREMENTA DESDE 0 o TEMP_MIN hasta TEMP_MAX
                      00089                 
0010   0AA0           00090                 INCF TEMP_ACT,F         ; Vamos subiendo la temperatura actual  
                      00091                 
0011   2???           00092                 CALL ENCENDER_LED_CALENTANDO_AGUA
                      00093                 
0012   0820           00094                 MOVFW TEMP_ACT          ; Cargamos el registro W con el valor de TEMP_ACT
MPASM  5.31                          MAIN.ASM   10-14-2022  21:19:42         PAGE  3


LOC  OBJECT CODE     LINE SOURCE TEXT
  VALUE

0013   0222           00095                 SUBWF TEMP_MAX,W                ; Realizamos la resta entre la temperatura maxima y la a
                            ctual
                      00096                 
0014   1D03           00097                 BTFSS STATUS,Z          ; Si la temperatura llego a su limite (se salta el GOTO)
                      00098         
0015   2???           00099                 GOTO CALENTAR_AGUA      ; Si aun no llego que siga incrementando
                      00100                 
0016   1103           00101                 BCF STATUS,Z                    ; Limpiamos el bit Z del status para usarlo luego
0017   2???           00102                 CALL ENCENDER_LED_MAXIMO        ; Que se encienda el LED para avisar que ya esta calient
                            e
                      00103                 
0018   0008           00104                 RETURN
                      00105 
                      00106 
                      00107 ;***************************************************************************
                      00108 ; Subrutina que decrementa registro TEMP_ACT                                                    
                      00109 ;***************************************************************************
                      00110 
0019                  00111 ENFRIAR_AGUA                            ; DECREMENTA DESDE TEMP_MAX hasta TEMP_MIN
0019   03A0           00112                 DECF TEMP_ACT,F ; Decrementamos la temperatura en 1
001A   1823           00113                 BTFSC CANILLA_ABIERTA,0
001B   2???           00114                 CALL ENFRIAR_AGUA_MAS_RAPIDO
                      00115                 
001C   0821           00116                 MOVFW TEMP_MIN          ; Cargamos el regisro W con el valor de TEMP_ACT
001D   0220           00117                 SUBWF TEMP_ACT,W                ; Realizamos la resta entre la temperatura minima y la a
                            ctual
                      00118                 
001E   1D03           00119                 BTFSS STATUS,Z          ; Si la temperatura es la minima que deje de decrementar
                      00120                 
001F   2???           00121                 GOTO ENFRIAR_AGUA               ; Sino, que continue
                      00122                 
0020   1103           00123                 BCF STATUS,Z                    ; Limpiamos el bit Z del status
0021   2???           00124                 CALL ENCENDER_LED_MINIMO        ; Que se encienda el LED para avisar que se enfrio
                      00125                 
0022   0008           00126                 RETURN
                      00127                 
0023                  00128 ENFRIAR_AGUA_MAS_RAPIDO
0023   3005           00129                 MOVLW D'5'                      ; Cargamos el valor a decrementar
0024   02A0           00130                 SUBWF TEMP_ACT,F                ; Restamos TEMP_ACT - 5 y lo guardamos en si mismo
0025   0008           00131                 RETURN
                      00132 
                      00133                 
                      00134 ;**************************************************************************
                      00135 ; Subrutinas de retardo
                      00136 ;**************************************************************************
                      00137 
0026   30FA           00138 DELAY_1MS       MOVLW D'250'                            ; Cargamos el valor 250 en W    
0027   00A4           00139                         MOVWF CONTADOR1                 ; Cargamos el valor de W en el primer contador
                      00140 
0028   0000           00141 RETARDO_1       NOP
0029   0BA4           00142                         DECFSZ CONTADOR1,F              ; Decrementamos en 1 el primer contador
002A   2???           00143                         GOTO RETARDO_1                  ; Repetimos la accion hasta que sea 0
002B   0008           00144                         RETURN
MPASM  5.31                          MAIN.ASM   10-14-2022  21:19:42         PAGE  4


LOC  OBJECT CODE     LINE SOURCE TEXT
  VALUE

                      00145 
                      00146 
002C   30FA           00147 DELAY_250MS     MOVLW D'250'                            ; Cargamos el valor 250 en W
002D   00A5           00148                         MOVWF CONTADOR2                 ; Cargamos el valor de W en el segundo contador
                      00149 
002E   2???           00150 RETARDO_2       CALL DELAY_1MS                  ; Esperamos 1 milisegundo por cada
002F   0BA5           00151                         DECFSZ CONTADOR2,F              ; decremento del segundo contador
0030   2???           00152                         GOTO RETARDO_2                  ; Repetimos la accion hasta que sea 0
0031   0008           00153                         RETURN
                      00154 
                      00155 
0032   3004           00156 DELAY_1S                MOVLW D'4'                              ; Cargamos el valor 4 en W
0033   00A6           00157                         MOVWF CONTADOR3                 ; Cargamos el valor de W en el tercer contador
                      00158 
0034   2???           00159 RETARDO_3       CALL DELAY_250MS                        ; Esperamos 250 milisegundos por cada
0035   0BA6           00160                         DECFSZ CONTADOR3,F              ; decremento del tercer contador (250ms x 4 = 10
                            00ms)
0036   2???           00161                         GOTO RETARDO_3                  ; Repetimos la accion hasta que sea 0
0037   0008           00162                         RETURN
                      00163 
0038   3005           00164 DELAY_5S                MOVLW D'5'                              ; Cargamos el valor 4 en W
0039   00A7           00165                         MOVWF CONTADOR4                 ; Cargamos el valor de W en el cuarto contador
                      00166 
003A   2???           00167 RETARDO_4       CALL DELAY_1S                   ; Esperamos 1 segundo por cada decremento
003B   0BA7           00168                         DECFSZ CONTADOR4,F              ; del cuarto contador (1s x 5 = 5s)
003C   2???           00169                         GOTO RETARDO_4                  ; Repetimos la accion hasta que sea 0
003D   0008           00170                         RETURN
                      00171 
                      00172 ;**************************************************************************
                      00173 ; Subrutinas de configuracion de puertos                                                                
                                       
                      00174 ;**************************************************************************
                      00175 
003E                  00176 CONFIGURAR_PUERTOS      
003E   1683           00177                 BSF     STATUS,RP0
003F   30F8           00178                 MOVLW B'11111000'                                       
0040   0086           00179                 MOVWF TRISB
0041   1283           00180                 BCF STATUS,RP0
0042   3000           00181                 MOVLW B'00000000'
0043   0086           00182                 MOVWF PORTB
0044   1283           00183                 BCF STATUS,RP0                  ; Seteamos RB0, RB1, RB2 como salida
0045   0008           00184                 RETURN
                      00185 
                      00186 
                      00187 ;**************************************************************************
                      00188 ; Subrutinas para encender LEDS                                                                    
                      00189 ;**************************************************************************
                      00190 
0046                  00191 ENCENDER_LED_CALENTANDO_AGUA
0046   1283           00192                 BCF STATUS,RP0
0047   1406           00193                 BSF PORTB,0
0048   2???           00194                 CALL DELAY_250MS
0049   1006           00195                 BCF PORTB,0
MPASM  5.31                          MAIN.ASM   10-14-2022  21:19:42         PAGE  5


LOC  OBJECT CODE     LINE SOURCE TEXT
  VALUE

004A   0008           00196                 RETURN
                      00197                 
004B                  00198 ENCENDER_LED_MAXIMO
004B   1283           00199                 BCF STATUS,RP0
004C   1486           00200                 BSF PORTB,1             ; Habilitamos el pin RB1, es decir, prendemos el LED
                      00201                 
004D   2???           00202                 CALL DELAY_250MS        ; Retardo de 1 segundo
                      00203                 
004E   1086           00204                 BCF PORTB,1             ; Deshabilitamos el pin RB2
004F   0008           00205                 RETURN
                      00206 
                      00207 
0050                  00208 ENCENDER_LED_MINIMO
0050   1283           00209                 BCF STATUS,RP0  ; Volvemos al banco 0 para gestionar PORTB
0051   1506           00210                 BSF PORTB,2             ; Habilitamos el pin RB2, es decir, prendemos el LED
                      00211                 
0052   2???           00212                 CALL DELAY_250MS        ; Retardo de 1 segundo
                      00213                 
0053   1106           00214                 BCF PORTB,2             ; Deshabilitamos el pin RB2
0054   0008           00215                 RETURN
                      00216                 
3F01                  00217                 END
MPASM  5.31                          MAIN.ASM   10-14-2022  21:19:42         PAGE  6


SYMBOL TABLE
  LABEL                             VALUE 

ADEN                              00000003
BRGH                              00000002
C                                 00000000
C1INV                             00000004
C1OUT                             00000006
C2INV                             00000005
C2OUT                             00000007
CALENTAR_AGUA                     00000010
CANILLA_ABIERTA                   00000023
CCP1CON                           00000017
CCP1IE                            00000002
CCP1IF                            00000002
CCP1M0                            00000000
CCP1M1                            00000001
CCP1M2                            00000002
CCP1M3                            00000003
CCP1X                             00000005
CCP1Y                             00000004
CCPR1H                            00000016
CCPR1L                            00000015
CIS                               00000003
CM0                               00000000
CM1                               00000001
CM2                               00000002
CMCON                             0000001F
CMIE                              00000006
CMIF                              00000006
CONFIGURAR_PUERTOS                0000003E
CONFIGURAR_SENSORES               00000008
CONTADOR1                         00000024
CONTADOR2                         00000025
CONTADOR3                         00000026
CONTADOR4                         00000027
CREN                              00000004
CSRC                              00000007
DC                                00000001
DELAY_1MS                         00000026
DELAY_1S                          00000032
DELAY_250MS                       0000002C
DELAY_5S                          00000038
EEADR                             0000009B
EECON1                            0000009C
EECON2                            0000009D
EEDATA                            0000009A
EEIE                              00000007
EEIF                              00000007
ENCENDER_LED_CALENTANDO_AGUA      00000046
ENCENDER_LED_MAXIMO               0000004B
ENCENDER_LED_MINIMO               00000050
ENFRIAR_AGUA                      00000019
ENFRIAR_AGUA_MAS_RAPIDO           00000023
F                                 00000001
FERR                              00000002
MPASM  5.31                          MAIN.ASM   10-14-2022  21:19:42         PAGE  7


SYMBOL TABLE
  LABEL                             VALUE 

FSR                               00000004
GIE                               00000007
INDF                              00000000
INICIO                            00000003
INTCON                            0000000B
INTE                              00000004
INTEDG                            00000006
INTF                              00000001
IRP                               00000007
NOT_BO                            00000000
NOT_BOD                           00000000
NOT_BOR                           00000000
NOT_PD                            00000003
NOT_POR                           00000001
NOT_RBPU                          00000007
NOT_T1SYNC                        00000002
NOT_TO                            00000004
OERR                              00000001
OPTION_REG                        00000081
OSCF                              00000003
PCL                               00000002
PCLATH                            0000000A
PCON                              0000008E
PEIE                              00000006
PIE1                              0000008C
PIR1                              0000000C
PORTA                             00000005
PORTB                             00000006
PR2                               00000092
PS0                               00000000
PS1                               00000001
PS2                               00000002
PSA                               00000003
RBIE                              00000003
RBIF                              00000000
RCIE                              00000005
RCIF                              00000005
RCREG                             0000001A
RCSTA                             00000018
RD                                00000000
RETARDO_1                         00000028
RETARDO_2                         0000002E
RETARDO_3                         00000034
RETARDO_4                         0000003A
RP0                               00000005
RP1                               00000006
RX9                               00000006
RX9D                              00000000
SPBRG                             00000099
SPEN                              00000007
SREN                              00000005
STATUS                            00000003
SYNC                              00000004
MPASM  5.31                          MAIN.ASM   10-14-2022  21:19:42         PAGE  8


SYMBOL TABLE
  LABEL                             VALUE 

T0CS                              00000005
T0IE                              00000005
T0IF                              00000002
T0SE                              00000004
T1CKPS0                           00000004
T1CKPS1                           00000005
T1CON                             00000010
T1OSCEN                           00000003
T2CKPS0                           00000000
T2CKPS1                           00000001
T2CON                             00000012
TEMP_ACT                          00000020
TEMP_MAX                          00000022
TEMP_MIN                          00000021
TMR0                              00000001
TMR1CS                            00000001
TMR1H                             0000000F
TMR1IE                            00000000
TMR1IF                            00000000
TMR1L                             0000000E
TMR1ON                            00000000
TMR2                              00000011
TMR2IE                            00000001
TMR2IF                            00000001
TMR2ON                            00000002
TOUTPS0                           00000003
TOUTPS1                           00000004
TOUTPS2                           00000005
TOUTPS3                           00000006
TRISA                             00000085
TRISB                             00000086
TRMT                              00000001
TX9                               00000006
TX9D                              00000000
TXEN                              00000005
TXIE                              00000004
TXIF                              00000004
TXREG                             00000019
TXSTA                             00000098
VR0                               00000000
VR1                               00000001
VR2                               00000002
VR3                               00000003
VRCON                             0000009F
VREN                              00000007
VROE                              00000006
VRR                               00000005
W                                 00000000
WR                                00000001
WREN                              00000002
WRERR                             00000003
Z                                 00000002
_BODEN_OFF                        00003FBF
MPASM  5.31                          MAIN.ASM   10-14-2022  21:19:42         PAGE  9


SYMBOL TABLE
  LABEL                             VALUE 

_BODEN_ON                         00003FFF
_BOREN_OFF                        00003FBF
_BOREN_ON                         00003FFF
_CP_OFF                           00003FFF
_CP_ON                            00001FFF
_DATA_CP_OFF                      00003FFF
_DATA_CP_ON                       00003EFF
_ER_OSC_CLKOUT                    00003FFF
_ER_OSC_NOCLKOUT                  00003FFE
_EXTCLK_OSC                       00003FEF
_HS_OSC                           00003FEE
_INTOSC_OSC_CLKOUT                00003FFD
_INTOSC_OSC_NOCLKOUT              00003FFC
_INTRC_OSC_CLKOUT                 00003FFD
_INTRC_OSC_NOCLKOUT               00003FFC
_LP_OSC                           00003FEC
_LVP_OFF                          00003F7F
_LVP_ON                           00003FFF
_MCLRE_OFF                        00003FDF
_MCLRE_ON                         00003FFF
_PWRTE_OFF                        00003FFF
_PWRTE_ON                         00003FF7
_RC_OSC_CLKOUT                    00003FFF
_RC_OSC_NOCLKOUT                  00003FFE
_WDT_OFF                          00003FFB
_WDT_ON                           00003FFF
_XT_OSC                           00003FED
__16F628A                         00000001
__DEBUG                           1

Errors   :     0
Warnings :     0 reported,     0 suppressed
Messages :     0 reported,     1 suppressed

