MPLINK 4.31, Linker
Linker Map File - Created Tue Oct 18 12:27:27 2022

                                 Section Info
                  Section       Type    Address   Location Size(Bytes)
                ---------  ---------  ---------  ---------  ---------
                   .org_0       code   0x000000    program   0x0000b4
                   .cinit    romdata   0x00005a    program   0x000004
      .config_2007_MAIN.O       code   0x002007    program   0x000002



                              Program Memory Usage 
                               Start         End      
                           ---------   ---------      
                            0x000000    0x00005b      
                            0x002007    0x002007      
            93 out of 2183 program addresses used, program memory utilization is 4%



                              Symbols - Sorted by Name
                     Name    Address   Location    Storage File                     
                ---------  ---------  ---------  --------- ---------                
            CALENTAR_AGUA   0x000010    program     static C:\Users\el3be\Documents\Practicas en Assembler\Termotanque\main.asm
       CONFIGURAR_PUERTOS   0x00003f    program     static C:\Users\el3be\Documents\Practicas en Assembler\Termotanque\main.asm
      CONFIGURAR_SENSORES   0x000008    program     static C:\Users\el3be\Documents\Practicas en Assembler\Termotanque\main.asm
                DELAY_1MS   0x000027    program     static C:\Users\el3be\Documents\Practicas en Assembler\Termotanque\main.asm
                 DELAY_1S   0x000033    program     static C:\Users\el3be\Documents\Practicas en Assembler\Termotanque\main.asm
              DELAY_250MS   0x00002d    program     static C:\Users\el3be\Documents\Practicas en Assembler\Termotanque\main.asm
                 DELAY_5S   0x000039    program     static C:\Users\el3be\Documents\Practicas en Assembler\Termotanque\main.asm
      ENCENDER_LED_MAXIMO   0x00004b    program     static C:\Users\el3be\Documents\Practicas en Assembler\Termotanque\main.asm
      ENCENDER_LED_MINIMO   0x000055    program     static C:\Users\el3be\Documents\Practicas en Assembler\Termotanque\main.asm
ENCENDER_LED_RESISTENCIA_APAGADA   0x000046    program     static C:\Users\el3be\Documents\Practicas en Assembler\Termotanque\main.asm
ENCENDER_LED_RESISTENCIA_PRENDID   0x000050    program     static C:\Users\el3be\Documents\Practicas en Assembler\Termotanque\main.asm
             ENFRIAR_AGUA   0x000019    program     static C:\Users\el3be\Documents\Practicas en Assembler\Termotanque\main.asm
  ENFRIAR_AGUA_MAS_RAPIDO   0x000024    program     static C:\Users\el3be\Documents\Practicas en Assembler\Termotanque\main.asm
                   INICIO   0x000003    program     static C:\Users\el3be\Documents\Practicas en Assembler\Termotanque\main.asm
                RETARDO_1   0x000029    program     static C:\Users\el3be\Documents\Practicas en Assembler\Termotanque\main.asm
                RETARDO_2   0x00002f    program     static C:\Users\el3be\Documents\Practicas en Assembler\Termotanque\main.asm
                RETARDO_3   0x000035    program     static C:\Users\el3be\Documents\Practicas en Assembler\Termotanque\main.asm
                RETARDO_4   0x00003b    program     static C:\Users\el3be\Documents\Practicas en Assembler\Termotanque\main.asm



                              Symbols - Sorted by Address
                     Name    Address   Location    Storage File                     
                ---------  ---------  ---------  --------- ---------                
                   INICIO   0x000003    program     static C:\Users\el3be\Documents\Practicas en Assembler\Termotanque\main.asm
      CONFIGURAR_SENSORES   0x000008    program     static C:\Users\el3be\Documents\Practicas en Assembler\Termotanque\main.asm
            CALENTAR_AGUA   0x000010    program     static C:\Users\el3be\Documents\Practicas en Assembler\Termotanque\main.asm
             ENFRIAR_AGUA   0x000019    program     static C:\Users\el3be\Documents\Practicas en Assembler\Termotanque\main.asm
  ENFRIAR_AGUA_MAS_RAPIDO   0x000024    program     static C:\Users\el3be\Documents\Practicas en Assembler\Termotanque\main.asm
                DELAY_1MS   0x000027    program     static C:\Users\el3be\Documents\Practicas en Assembler\Termotanque\main.asm
                RETARDO_1   0x000029    program     static C:\Users\el3be\Documents\Practicas en Assembler\Termotanque\main.asm
              DELAY_250MS   0x00002d    program     static C:\Users\el3be\Documents\Practicas en Assembler\Termotanque\main.asm
                RETARDO_2   0x00002f    program     static C:\Users\el3be\Documents\Practicas en Assembler\Termotanque\main.asm
                 DELAY_1S   0x000033    program     static C:\Users\el3be\Documents\Practicas en Assembler\Termotanque\main.asm
                RETARDO_3   0x000035    program     static C:\Users\el3be\Documents\Practicas en Assembler\Termotanque\main.asm
                 DELAY_5S   0x000039    program     static C:\Users\el3be\Documents\Practicas en Assembler\Termotanque\main.asm
                RETARDO_4   0x00003b    program     static C:\Users\el3be\Documents\Practicas en Assembler\Termotanque\main.asm
       CONFIGURAR_PUERTOS   0x00003f    program     static C:\Users\el3be\Documents\Practicas en Assembler\Termotanque\main.asm
ENCENDER_LED_RESISTENCIA_APAGADA   0x000046    program     static C:\Users\el3be\Documents\Practicas en Assembler\Termotanque\main.asm
      ENCENDER_LED_MAXIMO   0x00004b    program     static C:\Users\el3be\Documents\Practicas en Assembler\Termotanque\main.asm
ENCENDER_LED_RESISTENCIA_PRENDID   0x000050    program     static C:\Users\el3be\Documents\Practicas en Assembler\Termotanque\main.asm
      ENCENDER_LED_MINIMO   0x000055    program     static C:\Users\el3be\Documents\Practicas en Assembler\Termotanque\main.asm


