MPLINK 4.31, Linker
Linker Map File - Created Tue Oct 11 16:41:11 2022

                                 Section Info
                  Section       Type    Address   Location Size(Bytes)
                ---------  ---------  ---------  ---------  ---------
                   .org_0       code   0x000000    program   0x000084
                   .cinit    romdata   0x000042    program   0x000004
      .config_2007_MAIN.O       code   0x002007    program   0x000002



                              Program Memory Usage 
                               Start         End      
                           ---------   ---------      
                            0x000000    0x000043      
                            0x002007    0x002007      
            69 out of 2183 program addresses used, program memory utilization is 3%



                              Symbols - Sorted by Name
                     Name    Address   Location    Storage File                     
                ---------  ---------  ---------  --------- ---------                
          DECREMENTO_TEMP   0x00001c    program     static C:\Users\el3be\Documents\Practicas en Assembler\Termotanque\main.asm
                DELAY_1MS   0x000022    program     static C:\Users\el3be\Documents\Practicas en Assembler\Termotanque\main.asm
                 DELAY_1S   0x00002e    program     static C:\Users\el3be\Documents\Practicas en Assembler\Termotanque\main.asm
              DELAY_250MS   0x000028    program     static C:\Users\el3be\Documents\Practicas en Assembler\Termotanque\main.asm
      ENCENDER_LED_MAXIMO   0x000034    program     static C:\Users\el3be\Documents\Practicas en Assembler\Termotanque\main.asm
      ENCENDER_LED_MINIMO   0x00003b    program     static C:\Users\el3be\Documents\Practicas en Assembler\Termotanque\main.asm
          INCREMENTO_TEMP   0x000015    program     static C:\Users\el3be\Documents\Practicas en Assembler\Termotanque\main.asm
                   INICIO   0x000000    program     static C:\Users\el3be\Documents\Practicas en Assembler\Termotanque\main.asm
                    LOOP1   0x000024    program     static C:\Users\el3be\Documents\Practicas en Assembler\Termotanque\main.asm
                    LOOP2   0x00002a    program     static C:\Users\el3be\Documents\Practicas en Assembler\Termotanque\main.asm
                    LOOP3   0x000030    program     static C:\Users\el3be\Documents\Practicas en Assembler\Termotanque\main.asm



                              Symbols - Sorted by Address
                     Name    Address   Location    Storage File                     
                ---------  ---------  ---------  --------- ---------                
                   INICIO   0x000000    program     static C:\Users\el3be\Documents\Practicas en Assembler\Termotanque\main.asm
          INCREMENTO_TEMP   0x000015    program     static C:\Users\el3be\Documents\Practicas en Assembler\Termotanque\main.asm
          DECREMENTO_TEMP   0x00001c    program     static C:\Users\el3be\Documents\Practicas en Assembler\Termotanque\main.asm
                DELAY_1MS   0x000022    program     static C:\Users\el3be\Documents\Practicas en Assembler\Termotanque\main.asm
                    LOOP1   0x000024    program     static C:\Users\el3be\Documents\Practicas en Assembler\Termotanque\main.asm
              DELAY_250MS   0x000028    program     static C:\Users\el3be\Documents\Practicas en Assembler\Termotanque\main.asm
                    LOOP2   0x00002a    program     static C:\Users\el3be\Documents\Practicas en Assembler\Termotanque\main.asm
                 DELAY_1S   0x00002e    program     static C:\Users\el3be\Documents\Practicas en Assembler\Termotanque\main.asm
                    LOOP3   0x000030    program     static C:\Users\el3be\Documents\Practicas en Assembler\Termotanque\main.asm
      ENCENDER_LED_MAXIMO   0x000034    program     static C:\Users\el3be\Documents\Practicas en Assembler\Termotanque\main.asm
      ENCENDER_LED_MINIMO   0x00003b    program     static C:\Users\el3be\Documents\Practicas en Assembler\Termotanque\main.asm


