MPLINK 4.31, Linker
Linker Map File - Created Tue Oct 04 15:14:09 2022

                                 Section Info
                  Section       Type    Address   Location Size(Bytes)
                ---------  ---------  ---------  ---------  ---------
                   .org_0       code   0x000000    program   0x000026
                   .cinit    romdata   0x000013    program   0x000004
      .config_2007_MAIN.O       code   0x002007    program   0x000002



                              Program Memory Usage 
                               Start         End      
                           ---------   ---------      
                            0x000000    0x000014      
                            0x002007    0x002007      
            22 out of 2183 program addresses used, program memory utilization is 1%



                              Symbols - Sorted by Name
                     Name    Address   Location    Storage File                     
                ---------  ---------  ---------  --------- ---------                
          INCREMENTO_TEMP   0x000008    program     static C:\Users\el3be\Documents\Practicas en Assembler\Termotanque\main.asm
                   INICIO   0x000000    program     static C:\Users\el3be\Documents\Practicas en Assembler\Termotanque\main.asm
                  RETARDO   0x000010    program     static C:\Users\el3be\Documents\Practicas en Assembler\Termotanque\main.asm
                RETARDO_0   0x00000e    program     static C:\Users\el3be\Documents\Practicas en Assembler\Termotanque\main.asm



                              Symbols - Sorted by Address
                     Name    Address   Location    Storage File                     
                ---------  ---------  ---------  --------- ---------                
                   INICIO   0x000000    program     static C:\Users\el3be\Documents\Practicas en Assembler\Termotanque\main.asm
          INCREMENTO_TEMP   0x000008    program     static C:\Users\el3be\Documents\Practicas en Assembler\Termotanque\main.asm
                RETARDO_0   0x00000e    program     static C:\Users\el3be\Documents\Practicas en Assembler\Termotanque\main.asm
                  RETARDO   0x000010    program     static C:\Users\el3be\Documents\Practicas en Assembler\Termotanque\main.asm


